src/components/dashboard/TransactionsTable.tsx(143,15): error TS2345: Argument of type 'Promise<Order[]>' is not assignable to parameter of type 'Order[]'.
  Type 'Promise<Order[]>' is missing the following properties from type 'Order[]': length, pop, push, concat, and 35 more.
src/components/dashboard/TransactionsTable.tsx(144,15): error TS2345: Argument of type 'Promise<Cycle[]>' is not assignable to parameter of type 'Cycle[]'.
  Type 'Promise<Cycle[]>' is missing the following properties from type 'Cycle[]': length, pop, push, concat, and 35 more.
src/components/dashboard/TransactionsTable.tsx(145,32): error TS2339: Property 'find' does not exist on type 'Promise<Cycle[]>'.
src/components/dashboard/TransactionsTable.tsx(157,15): error TS2345: Argument of type 'Promise<Order[]>' is not assignable to parameter of type 'Order[]'.
  Type 'Promise<Order[]>' is missing the following properties from type 'Order[]': length, pop, push, concat, and 35 more.
src/components/dashboard/TransactionsTable.tsx(158,15): error TS2345: Argument of type 'Promise<Cycle[]>' is not assignable to parameter of type 'Cycle[]'.
  Type 'Promise<Cycle[]>' is missing the following properties from type 'Cycle[]': length, pop, push, concat, and 35 more.
src/components/dashboard/TransactionsTable.tsx(159,32): error TS2339: Property 'find' does not exist on type 'Promise<Cycle[]>'.
src/components/layout/AppLayout.tsx(21,17): error TS2345: Argument of type 'Promise<Order[]>' is not assignable to parameter of type 'Order[]'.
  Type 'Promise<Order[]>' is missing the following properties from type 'Order[]': length, pop, push, concat, and 35 more.
src/components/layout/AppLayout.tsx(22,17): error TS2345: Argument of type 'Promise<Cycle[]>' is not assignable to parameter of type 'Cycle[]'.
  Type 'Promise<Cycle[]>' is missing the following properties from type 'Cycle[]': length, pop, push, concat, and 35 more.
src/components/layout/AppLayout.tsx(23,22): error TS2345: Argument of type 'Promise<Cycle | null>' is not assignable to parameter of type 'Cycle'.
  Type 'Promise<Cycle | null>' is missing the following properties from type 'Cycle': id, cycleNumber, openedAt, closedAt, and 15 more.
src/components/layout/Topbar.tsx(28,24): error TS18047: 'currentState.binanceKeys' is possibly 'null'.
src/components/layout/Topbar.tsx(28,57): error TS18047: 'currentState.binanceKeys' is possibly 'null'.
src/components/layout/Topbar.tsx(45,66): error TS2339: Property 'openedAt' does not exist on type 'Promise<Cycle | null>'.
src/components/layout/Topbar.tsx(48,48): error TS2339: Property 'find' does not exist on type 'Promise<Order[]>'.
src/components/layout/Topbar.tsx(48,53): error TS7006: Parameter 'ex' implicitly has an 'any' type.
src/components/layout/Topbar.tsx(66,47): error TS2339: Property 'id' does not exist on type 'Promise<Cycle | null>'.
src/components/layout/Topbar.tsx(95,49): error TS2339: Property 'id' does not exist on type 'Promise<Cycle | null>'.
src/components/layout/Topbar.tsx(96,28): error TS2345: Argument of type 'Promise<Cycle | null>' is not assignable to parameter of type 'Cycle'.
  Type 'Promise<Cycle | null>' is missing the following properties from type 'Cycle': id, cycleNumber, openedAt, closedAt, and 15 more.
src/components/layout/Topbar.tsx(98,21): error TS2345: Argument of type 'Promise<Order[]>' is not assignable to parameter of type 'Order[]'.
  Type 'Promise<Order[]>' is missing the following properties from type 'Order[]': length, pop, push, concat, and 35 more.
src/db/database.ts(1,76): error TS2307: Cannot find module 'sql.js' or its corresponding type declarations.
src/pages/Login.tsx(7,10): error TS6133: 'validatePromoCode' is declared but its value is never read.
src/pages/Login.tsx(8,1): error TS6133: 'generateUUID' is declared but its value is never read.
src/pages/Login.tsx(13,7): error TS6133: 'ADMIN_EMAIL' is declared but its value is never read.
src/pages/PaymentRequestForm.tsx(2,10): error TS6133: 'Upload' is declared but its value is never read.
src/pages/PricingPage.tsx(39,17): error TS2339: Property 'valid' does not exist on type 'Promise<{ valid: boolean; code?: PromoCode | undefined; error?: string | undefined; }>'.
src/pages/PricingPage.tsx(39,34): error TS2339: Property 'code' does not exist on type 'Promise<{ valid: boolean; code?: PromoCode | undefined; error?: string | undefined; }>'.
src/pages/PricingPage.tsx(40,28): error TS2339: Property 'error' does not exist on type 'Promise<{ valid: boolean; code?: PromoCode | undefined; error?: string | undefined; }>'.
src/pages/PricingPage.tsx(43,54): error TS2339: Property 'code' does not exist on type 'Promise<{ valid: boolean; code?: PromoCode | undefined; error?: string | undefined; }>'.
src/pages/PricingPage.tsx(43,100): error TS2339: Property 'code' does not exist on type 'Promise<{ valid: boolean; code?: PromoCode | undefined; error?: string | undefined; }>'.
src/pages/PricingPage.tsx(44,46): error TS2339: Property 'code' does not exist on type 'Promise<{ valid: boolean; code?: PromoCode | undefined; error?: string | undefined; }>'.
src/pages/PricingPage.tsx(44,60): error TS2339: Property 'code' does not exist on type 'Promise<{ valid: boolean; code?: PromoCode | undefined; error?: string | undefined; }>'.
